15:42:52 **** Incremental Build of configuration Debug for project 08_uart_Tx ****
make -j16 all 
arm-none-eabi-gcc "../Src/main.c" -mcpu=cortex-m4 -std=gnu11 -g3 -DDEBUG -DSTM32 -DSTM32F4 -DSTM32F446RETx -DNUCLEO_F446RE -c -I../Inc -I"D:/STM32/STM32F4/chip_headers/CMSIS/Device/ST/STM32F4xx/Include" -I"D:/STM32/STM32F4/chip_headers/CMSIS/Include" -O0 -ffunction-sections -fdata-sections -Wall -fstack-usage -fcyclomatic-complexity -MMD -MP -MF"Src/main.d" -MT"Src/main.o" --specs=nano.specs -mfpu=fpv4-sp-d16 -mfloat-abi=hard -mthumb -o "Src/main.o"
arm-none-eabi-gcc "../Src/syscalls.c" -mcpu=cortex-m4 -std=gnu11 -g3 -DDEBUG -DSTM32 -DSTM32F4 -DSTM32F446RETx -DNUCLEO_F446RE -c -I../Inc -I"D:/STM32/STM32F4/chip_headers/CMSIS/Device/ST/STM32F4xx/Include" -I"D:/STM32/STM32F4/chip_headers/CMSIS/Include" -O0 -ffunction-sections -fdata-sections -Wall -fstack-usage -fcyclomatic-complexity -MMD -MP -MF"Src/syscalls.d" -MT"Src/syscalls.o" --specs=nano.specs -mfpu=fpv4-sp-d16 -mfloat-abi=hard -mthumb -o "Src/syscalls.o"
arm-none-eabi-gcc "../Src/sysmem.c" -mcpu=cortex-m4 -std=gnu11 -g3 -DDEBUG -DSTM32 -DSTM32F4 -DSTM32F446RETx -DNUCLEO_F446RE -c -I../Inc -I"D:/STM32/STM32F4/chip_headers/CMSIS/Device/ST/STM32F4xx/Include" -I"D:/STM32/STM32F4/chip_headers/CMSIS/Include" -O0 -ffunction-sections -fdata-sections -Wall -fstack-usage -fcyclomatic-complexity -MMD -MP -MF"Src/sysmem.d" -MT"Src/sysmem.o" --specs=nano.specs -mfpu=fpv4-sp-d16 -mfloat-abi=hard -mthumb -o "Src/sysmem.o"
arm-none-eabi-gcc "../Src/uart.c" -mcpu=cortex-m4 -std=gnu11 -g3 -DDEBUG -DSTM32 -DSTM32F4 -DSTM32F446RETx -DNUCLEO_F446RE -c -I../Inc -I"D:/STM32/STM32F4/chip_headers/CMSIS/Device/ST/STM32F4xx/Include" -I"D:/STM32/STM32F4/chip_headers/CMSIS/Include" -O0 -ffunction-sections -fdata-sections -Wall -fstack-usage -fcyclomatic-complexity -MMD -MP -MF"Src/uart.d" -MT"Src/uart.o" --specs=nano.specs -mfpu=fpv4-sp-d16 -mfloat-abi=hard -mthumb -o "Src/uart.o"
arm-none-eabi-gcc -o "08_uart_Tx.elf" @"objects.list"   -mcpu=cortex-m4 -T"D:\STM32\STM32F4\Sourse\08_uart_Tx\STM32F446RETX_FLASH.ld" --specs=nosys.specs -Wl,-Map="08_uart_Tx.map" -Wl,--gc-sections -static --specs=nano.specs -mfpu=fpv4-sp-d16 -mfloat-abi=hard -mthumb -Wl,--start-group -lc -lm -Wl,--end-group
Finished building target: 08_uart_Tx.elf
 
arm-none-eabi-size  08_uart_Tx.elf 
arm-none-eabi-objdump -h -S 08_uart_Tx.elf  > "08_uart_Tx.list"
   text	   data	    bss	    dec	    hex	filename
   1148	      0	   1568	   2716	    a9c	08_uart_Tx.elf
Finished building: default.size.stdout
 
Finished building: 08_uart_Tx.list
 

15:42:53 Build Finished. 0 errors, 0 warnings. (took 996ms)

