14:47:12 **** Incremental Build of configuration Debug for project 16_uart_Rx_interrupt ****
make -j16 all 
arm-none-eabi-gcc "../Src/main.c" -mcpu=cortex-m4 -std=gnu11 -g3 -DDEBUG -DSTM32 -DSTM32F4 -DSTM32F446RETx -DNUCLEO_F446RE -c -I../Inc -I"D:/STM32/STM32F4/chip_headers/CMSIS/Include" -I"D:/STM32/STM32F4/chip_headers/CMSIS/Device/ST/STM32F4xx/Include" -O0 -ffunction-sections -fdata-sections -Wall -fstack-usage -fcyclomatic-complexity -MMD -MP -MF"Src/main.d" -MT"Src/main.o" --specs=nano.specs -mfpu=fpv4-sp-d16 -mfloat-abi=hard -mthumb -o "Src/main.o"
arm-none-eabi-gcc -o "16_uart_Rx_interrupt.elf" @"objects.list"   -mcpu=cortex-m4 -T"D:\STM32\STM32F4\Sourse\16_uart_Rx_interrupt\STM32F446RETX_FLASH.ld" --specs=nosys.specs -Wl,-Map="16_uart_Rx_interrupt.map" -Wl,--gc-sections -static --specs=nano.specs -mfpu=fpv4-sp-d16 -mfloat-abi=hard -mthumb -Wl,--start-group -lc -lm -Wl,--end-group
Finished building target: 16_uart_Rx_interrupt.elf
 
arm-none-eabi-size  16_uart_Rx_interrupt.elf 
arm-none-eabi-objdump -h -S 16_uart_Rx_interrupt.elf  > "16_uart_Rx_interrupt.list"
   text	   data	    bss	    dec	    hex	filename
   1236	      0	   1568	   2804	    af4	16_uart_Rx_interrupt.elf
Finished building: default.size.stdout
 
Finished building: 16_uart_Rx_interrupt.list
 

14:47:12 Build Finished. 0 errors, 0 warnings. (took 902ms)

