21:51:42 **** Incremental Build of configuration Debug for project 3_gpi_bit_set_reset ****
make -j16 all 
arm-none-eabi-gcc "../Src/main.c" -mcpu=cortex-m4 -std=gnu11 -g3 -DDEBUG -DSTM32 -DSTM32F4 -DSTM32F446RETx -DNUCLEO_F446RE -c -I../Inc -I"D:/STM32/STM32F4/chip_headers/CMSIS/Device/ST/STM32F4xx/Include" -I"D:/STM32/STM32F4/chip_headers/CMSIS/Include" -O0 -ffunction-sections -fdata-sections -Wall -fstack-usage -fcyclomatic-complexity -MMD -MP -MF"Src/main.d" -MT"Src/main.o" --specs=nano.specs -mfpu=fpv4-sp-d16 -mfloat-abi=hard -mthumb -o "Src/main.o"
arm-none-eabi-gcc -o "3_gpi_bit_set_reset.elf" @"objects.list"   -mcpu=cortex-m4 -T"D:\STM32\STM32F4\Src\3_gpi_bit_set_reset\STM32F446RETX_FLASH.ld" --specs=nosys.specs -Wl,-Map="3_gpi_bit_set_reset.map" -Wl,--gc-sections -static --specs=nano.specs -mfpu=fpv4-sp-d16 -mfloat-abi=hard -mthumb -Wl,--start-group -lc -lm -Wl,--end-group
Finished building target: 3_gpi_bit_set_reset.elf
 
arm-none-eabi-size  3_gpi_bit_set_reset.elf 
arm-none-eabi-objdump -h -S 3_gpi_bit_set_reset.elf  > "3_gpi_bit_set_reset.list"
   text	   data	    bss	    dec	    hex	filename
    816	      0	   1568	   2384	    950	3_gpi_bit_set_reset.elf
Finished building: default.size.stdout
 
Finished building: 3_gpi_bit_set_reset.list
 

21:51:43 Build Finished. 0 errors, 0 warnings. (took 940ms)

