21:57:27 **** Incremental Build of configuration Debug for project 4_gpi_input ****
make -j16 all 
arm-none-eabi-gcc "../Src/main.c" -mcpu=cortex-m4 -std=gnu11 -g3 -DDEBUG -DSTM32 -DSTM32F4 -DSTM32F446RETx -DNUCLEO_F446RE -c -I../Inc -I"D:/STM32/STM32F4/chip_headers/CMSIS/Device/ST/STM32F4xx/Include" -I"D:/STM32/STM32F4/chip_headers/CMSIS/Include" -O0 -ffunction-sections -fdata-sections -Wall -fstack-usage -fcyclomatic-complexity -MMD -MP -MF"Src/main.d" -MT"Src/main.o" --specs=nano.specs -mfpu=fpv4-sp-d16 -mfloat-abi=hard -mthumb -o "Src/main.o"
arm-none-eabi-gcc -o "4_gpi_input.elf" @"objects.list"   -mcpu=cortex-m4 -T"D:\STM32\STM32F4\Src\4_gpi_input\STM32F446RETX_FLASH.ld" --specs=nosys.specs -Wl,-Map="4_gpi_input.map" -Wl,--gc-sections -static --specs=nano.specs -mfpu=fpv4-sp-d16 -mfloat-abi=hard -mthumb -Wl,--start-group -lc -lm -Wl,--end-group
Finished building target: 4_gpi_input.elf
 
arm-none-eabi-size  4_gpi_input.elf 
arm-none-eabi-objdump -h -S 4_gpi_input.elf  > "4_gpi_input.list"
   text	   data	    bss	    dec	    hex	filename
    824	      0	   1568	   2392	    958	4_gpi_input.elf
Finished building: default.size.stdout
 
Finished building: 4_gpi_input.list
 

21:57:28 Build Finished. 0 errors, 0 warnings. (took 791ms)

